// Jest Snapshot v1, https://goo.gl/fbAQLP

exports[`Home component renders without crashing 1`] = `
<div>
  <div
    class="sc-jSMfEi cdnhni"
    data-testid="loading-screen"
  >
    <div
      class="sc-gKXOVf gujzKN"
    >
      <div
        class="sc-iBkjds jtfPjD"
      >
        <div
          class="sc-eCYdqJ iSiowD"
        />
      </div>
    </div>
  </div>
</div>
`;
